2026-09-23 15:27:27 | INFO |  latticeparameter.py:303  | hello world
2026-09-23 15:27:27 | INFO |  latticeparameter.py:279  | drift
2026-09-23 15:27:27 | INFO |  latticeparameter.py:279  | sup_field_1
2026-09-23 15:28:28 | INFO |  latticeparameter.py:261  | [[1, 27, 10]]
2026-09-23 15:28:28 | INFO |  latticeparameter.py:280  | drift
2026-09-23 15:28:28 | INFO |  latticeparameter.py:280  | sup_field_1
2026-09-23 15:29:04 | INFO |  latticeparameter.py:261  | [[1, 27, 10]]
2026-09-23 15:29:04 | INFO |  latticeparameter.py:274  | [(1, 10), (11, 20)]
2026-09-23 15:29:04 | INFO |  latticeparameter.py:280  | drift
2026-09-23 15:29:04 | INFO |  latticeparameter.py:280  | sup_field_1
2026-09-23 15:29:11 | INFO |  latticeparameter.py:261  | [[1, 27, 10]]
2026-09-23 15:29:11 | INFO |  latticeparameter.py:280  | drift
2026-09-23 15:29:11 | INFO |  latticeparameter.py:280  | sup_field_1
2026-09-23 15:29:22 | INFO |  latticeparameter.py:261  | [[1, 27, 10]]
2026-09-23 15:29:22 | INFO |  latticeparameter.py:274  | [(1, 10), (11, 20)]
2026-09-23 15:29:22 | INFO |  latticeparameter.py:280  | drift
2026-09-23 15:29:22 | INFO |  latticeparameter.py:280  | sup_field_1
2026-09-23 15:43:58 | INFO |  latticeparameter.py:261  | [[0, 26, 10]]
2026-09-23 15:43:58 | INFO |  latticeparameter.py:275  | [(0, 9), (10, 19)]
2026-09-23 15:43:58 | INFO |  latticeparameter.py:288  | drift
2026-09-23 15:43:58 | INFO |  latticeparameter.py:288  | sup_field_1
2026-09-23 15:44:07 | INFO |  latticeparameter.py:261  | [[0, 26, 10]]
2026-09-23 15:44:07 | INFO |  latticeparameter.py:275  | [(0, 9), (10, 19)]
2026-09-23 15:44:07 | INFO |  latticeparameter.py:288  | drift
2026-09-23 15:44:07 | INFO |  latticeparameter.py:288  | sup_field_1
2026-09-23 15:44:31 | INFO |  latticeparameter.py:261  | [[0, 26, 10]]
2026-09-23 15:44:31 | INFO |  latticeparameter.py:275  | [(0, 9), (10, 19)]
2026-09-23 15:44:31 | INFO |  latticeparameter.py:288  | drift
2026-09-23 15:44:31 | INFO |  latticeparameter.py:288  | sup_field_1
2026-09-23 17:07:14 | INFO |  latticeparameter.py:261  | [[0, 26, 10]]
2026-09-23 17:07:14 | INFO |  latticeparameter.py:275  | [(0, 9), (10, 19)]
2026-09-23 17:07:14 | INFO |  latticeparameter.py:288  | drift
2026-09-23 17:07:14 | INFO |  latticeparameter.py:288  | sup_field_1
